No syntax errors detected in /Users/edwinbrooks/Desktop/vivo-app/latest working live/functions.php
No syntax errors detected in /Users/edwinbrooks/Desktop/vivo-app/latest working live/debug_events.php
No syntax errors detected in /Users/edwinbrooks/Desktop/vivo-app/latest working live/migrate_barcodes.php
No syntax errors detected in /Users/edwinbrooks/Desktop/vivo-app/latest working live/database_factory.php
No syntax errors detected in /Users/edwinbrooks/Desktop/vivo-app/latest working live/wp-config.php
No syntax errors detected in /Users/edwinbrooks/Desktop/vivo-app/latest working live/add_sample_stats.php
No syntax errors detected in /Users/edwinbrooks/Desktop/vivo-app/latest working live/user_management.php
No syntax errors detected in /Users/edwinbrooks/Desktop/vivo-app/latest working live/test_stats.php
No syntax errors detected in /Users/edwinbrooks/Desktop/vivo-app/latest working live/index_new_fixed.php
No syntax errors detected in /Users/edwinbrooks/Desktop/vivo-app/latest working live/edit_event.php
No syntax errors detected in /Users/edwinbrooks/Desktop/vivo-app/latest working live/models.php
No syntax errors detected in /Users/edwinbrooks/Desktop/vivo-app/latest working live/club_settings.php
No syntax errors detected in /Users/edwinbrooks/Desktop/vivo-app/latest working live/login.php
No syntax errors detected in /Users/edwinbrooks/Desktop/vivo-app/latest working live/check_live_add_player.php
No syntax errors detected in /Users/edwinbrooks/Desktop/vivo-app/latest working live/add_coach.php
No syntax errors detected in /Users/edwinbrooks/Desktop/vivo-app/latest working live/dashboard.php
No syntax errors detected in /Users/edwinbrooks/Desktop/vivo-app/latest working live/auth.php
No syntax errors detected in /Users/edwinbrooks/Desktop/vivo-app/latest working live/update_players_table.php
No syntax errors detected in /Users/edwinbrooks/Desktop/vivo-app/latest working live/settings.php
No syntax errors detected in /Users/edwinbrooks/Desktop/vivo-app/latest working live/quick_setup.php
No syntax errors detected in /Users/edwinbrooks/Desktop/vivo-app/latest working live/fix_player_edit_columns.php
No syntax errors detected in /Users/edwinbrooks/Desktop/vivo-app/latest working live/index.php
No syntax errors detected in /Users/edwinbrooks/Desktop/vivo-app/latest working live/setup-database.php
No syntax errors detected in /Users/edwinbrooks/Desktop/vivo-app/latest working live/load_event_attendance.php
No syntax errors detected in /Users/edwinbrooks/Desktop/vivo-app/latest working live/load_available_coaches.php
No syntax errors detected in /Users/edwinbrooks/Desktop/vivo-app/latest working live/check_production_players.php
No syntax errors detected in /Users/edwinbrooks/Desktop/vivo-app/latest working live/player_edit.php
No syntax errors detected in /Users/edwinbrooks/Desktop/vivo-app/latest working live/get_events_json.php
No syntax errors detected in /Users/edwinbrooks/Desktop/vivo-app/latest working live/barcode_generator.php
No syntax errors detected in /Users/edwinbrooks/Desktop/vivo-app/latest working live/delete_event.php
No syntax errors detected in /Users/edwinbrooks/Desktop/vivo-app/latest working live/backfill_player_names.php
No syntax errors detected in /Users/edwinbrooks/Desktop/vivo-app/latest working live/add_player.php
No syntax errors detected in /Users/edwinbrooks/Desktop/vivo-app/latest working live/config_production.php
No syntax errors detected in /Users/edwinbrooks/Desktop/vivo-app/latest working live/add_team.php
No syntax errors detected in /Users/edwinbrooks/Desktop/vivo-app/latest working live/css_debug.php
No syntax errors detected in /Users/edwinbrooks/Desktop/vivo-app/latest working live/fix_players_table.php
No syntax errors detected in /Users/edwinbrooks/Desktop/vivo-app/latest working live/migrate_data.php
No syntax errors detected in /Users/edwinbrooks/Desktop/vivo-app/latest working live/team_details.php
No syntax errors detected in /Users/edwinbrooks/Desktop/vivo-app/latest working live/event_edit.php
No syntax errors detected in /Users/edwinbrooks/Desktop/vivo-app/latest working live/database_mock.php
No syntax errors detected in /Users/edwinbrooks/Desktop/vivo-app/latest working live/players.php
No syntax errors detected in /Users/edwinbrooks/Desktop/vivo-app/latest working live/test_system_consistency.php
No syntax errors detected in /Users/edwinbrooks/Desktop/vivo-app/latest working live/crawl_site.php
No syntax errors detected in /Users/edwinbrooks/Desktop/vivo-app/latest working live/setup_database_colors.php
No syntax errors detected in /Users/edwinbrooks/Desktop/vivo-app/latest working live/delete_team.php
No syntax errors detected in /Users/edwinbrooks/Desktop/vivo-app/latest working live/edit_team.php
No syntax errors detected in /Users/edwinbrooks/Desktop/vivo-app/latest working live/logout.php
No syntax errors detected in /Users/edwinbrooks/Desktop/vivo-app/latest working live/remove_coach_from_team.php
No syntax errors detected in /Users/edwinbrooks/Desktop/vivo-app/latest working live/attendance.php
No syntax errors detected in /Users/edwinbrooks/Desktop/vivo-app/latest working live/events.php
No syntax errors detected in /Users/edwinbrooks/Desktop/vivo-app/latest working live/restore_sample_data.php
No syntax errors detected in /Users/edwinbrooks/Desktop/vivo-app/latest working live/google_calendar_helper.php
No syntax errors detected in /Users/edwinbrooks/Desktop/vivo-app/latest working live/wp-config-clean.php
No syntax errors detected in /Users/edwinbrooks/Desktop/vivo-app/latest working live/player_card_print.php
No syntax errors detected in /Users/edwinbrooks/Desktop/vivo-app/latest working live/config.php
No syntax errors detected in /Users/edwinbrooks/Desktop/vivo-app/latest working live/event_details.php
No syntax errors detected in /Users/edwinbrooks/Desktop/vivo-app/latest working live/fix_players_table_rebuild.php
No syntax errors detected in /Users/edwinbrooks/Desktop/vivo-app/latest working live/team_edit.php
No syntax errors detected in /Users/edwinbrooks/Desktop/vivo-app/latest working live/add_sample_coaches.php
No syntax errors detected in /Users/edwinbrooks/Desktop/vivo-app/latest working live/migrate_events_table.php
No syntax errors detected in /Users/edwinbrooks/Desktop/vivo-app/latest working live/fix_events_table.php
No syntax errors detected in /Users/edwinbrooks/Desktop/vivo-app/latest working live/assign_teams.php
No syntax errors detected in /Users/edwinbrooks/Desktop/vivo-app/latest working live/setup_mysql_wordpress.php
No syntax errors detected in /Users/edwinbrooks/Desktop/vivo-app/latest working live/coaches.php
No syntax errors detected in /Users/edwinbrooks/Desktop/vivo-app/latest working live/add_sample_events.php
No syntax errors detected in /Users/edwinbrooks/Desktop/vivo-app/latest working live/attendance_backup.php
No syntax errors detected in /Users/edwinbrooks/Desktop/vivo-app/latest working live/import_players_from_spreadsheet.php
No syntax errors detected in /Users/edwinbrooks/Desktop/vivo-app/latest working live/player_profile.php
No syntax errors detected in /Users/edwinbrooks/Desktop/vivo-app/latest working live/seed_events.php
No syntax errors detected in /Users/edwinbrooks/Desktop/vivo-app/latest working live/fix_attendance_table.php
No syntax errors detected in /Users/edwinbrooks/Desktop/vivo-app/latest working live/header.php
No syntax errors detected in /Users/edwinbrooks/Desktop/vivo-app/latest working live/save_event_attendance.php
No syntax errors detected in /Users/edwinbrooks/Desktop/vivo-app/latest working live/setup_mysql_xampp.php
No syntax errors detected in /Users/edwinbrooks/Desktop/vivo-app/latest working live/create_club_settings.php
No syntax errors detected in /Users/edwinbrooks/Desktop/vivo-app/latest working live/wp-config-production.php
No syntax errors detected in /Users/edwinbrooks/Desktop/vivo-app/latest working live/cleanup_sample_data.php
No syntax errors detected in /Users/edwinbrooks/Desktop/vivo-app/latest working live/calendar.php
No syntax errors detected in /Users/edwinbrooks/Desktop/vivo-app/latest working live/calendar_simple.php
No syntax errors detected in /Users/edwinbrooks/Desktop/vivo-app/latest working live/database_config_production.php
No syntax errors detected in /Users/edwinbrooks/Desktop/vivo-app/latest working live/reset_players_demo.php
No syntax errors detected in /Users/edwinbrooks/Desktop/vivo-app/latest working live/color_test.php
No syntax errors detected in /Users/edwinbrooks/Desktop/vivo-app/latest working live/index_new.php
No syntax errors detected in /Users/edwinbrooks/Desktop/vivo-app/latest working live/setup_xampp_simple.php
No syntax errors detected in /Users/edwinbrooks/Desktop/vivo-app/latest working live/recreate_player_ids.php
No syntax errors detected in /Users/edwinbrooks/Desktop/vivo-app/latest working live/load_team_coaches.php
No syntax errors detected in /Users/edwinbrooks/Desktop/vivo-app/latest working live/seed_dummy_profile_data.php
No syntax errors detected in /Users/edwinbrooks/Desktop/vivo-app/latest working live/assign_coach_to_team.php
No syntax errors detected in /Users/edwinbrooks/Desktop/vivo-app/latest working live/check_database_contents.php
No syntax errors detected in /Users/edwinbrooks/Desktop/vivo-app/latest working live/database_config.php
No syntax errors detected in /Users/edwinbrooks/Desktop/vivo-app/latest working live/fix_database_columns.php
No syntax errors detected in /Users/edwinbrooks/Desktop/vivo-app/latest working live/edit_player.php
No syntax errors detected in /Users/edwinbrooks/Desktop/vivo-app/latest working live/syntax-check.php
No syntax errors detected in /Users/edwinbrooks/Desktop/vivo-app/latest working live/check_player_columns.php
No syntax errors detected in /Users/edwinbrooks/Desktop/vivo-app/latest working live/auth_mysql.php
No syntax errors detected in /Users/edwinbrooks/Desktop/vivo-app/latest working live/test_css_fix.php
No syntax errors detected in /Users/edwinbrooks/Desktop/vivo-app/latest working live/edit_coach.php
No syntax errors detected in /Users/edwinbrooks/Desktop/vivo-app/latest working live/check_production_schema.php
No syntax errors detected in /Users/edwinbrooks/Desktop/vivo-app/latest working live/add_event.php
No syntax errors detected in /Users/edwinbrooks/Desktop/vivo-app/latest working live/assign_jerseys.php
No syntax errors detected in /Users/edwinbrooks/Desktop/vivo-app/latest working live/delete_player.php
No syntax errors detected in /Users/edwinbrooks/Desktop/vivo-app/latest working live/update_colors_all_pages.php
No syntax errors detected in /Users/edwinbrooks/Desktop/vivo-app/latest working live/sidebar.php
No syntax errors detected in /Users/edwinbrooks/Desktop/vivo-app/latest working live/migrate_enhanced_profiles.php
No syntax errors detected in /Users/edwinbrooks/Desktop/vivo-app/latest working live/color_system_status.php
No syntax errors detected in /Users/edwinbrooks/Desktop/vivo-app/latest working live/event_calendar.php
No syntax errors detected in /Users/edwinbrooks/Desktop/vivo-app/latest working live/teams.php
No syntax errors detected in /Users/edwinbrooks/Desktop/vivo-app/latest working live/minimal_index_test.php
No syntax errors detected in /Users/edwinbrooks/Desktop/vivo-app/latest working live/path_test.php
No syntax errors detected in /Users/edwinbrooks/Desktop/vivo-app/latest working live/test_dashboard_colors.php
No syntax errors detected in /Users/edwinbrooks/Desktop/vivo-app/latest working live/add_sample_attendance.php
