=== PHP LINT START Tue Sep  2 19:46:47 SAST 2025 ===
No syntax errors detected in ./functions.php
No syntax errors detected in ./debug_events.php
No syntax errors detected in ./migrate_barcodes.php
No syntax errors detected in ./database_factory.php
No syntax errors detected in ./wp-config.php
No syntax errors detected in ./add_sample_stats.php
No syntax errors detected in ./user_management.php
No syntax errors detected in ./test_stats.php
No syntax errors detected in ./index_new_fixed.php
No syntax errors detected in ./edit_event.php
No syntax errors detected in ./models.php
No syntax errors detected in ./club_settings.php
No syntax errors detected in ./login.php
No syntax errors detected in ./check_live_add_player.php
No syntax errors detected in ./add_coach.php
No syntax errors detected in ./dashboard.php
No syntax errors detected in ./auth.php
No syntax errors detected in ./update_players_table.php
No syntax errors detected in ./settings.php
No syntax errors detected in ./quick_setup.php
No syntax errors detected in ./fix_player_edit_columns.php
No syntax errors detected in ./index.php
No syntax errors detected in ./setup-database.php
No syntax errors detected in ./load_event_attendance.php
No syntax errors detected in ./load_available_coaches.php
No syntax errors detected in ./check_production_players.php
No syntax errors detected in ./player_edit.php
No syntax errors detected in ./get_events_json.php
No syntax errors detected in ./barcode_generator.php
No syntax errors detected in ./delete_event.php
No syntax errors detected in ./backfill_player_names.php
No syntax errors detected in ./config/database.local.php
No syntax errors detected in ./config/database.php
No syntax errors detected in ./add_player.php
No syntax errors detected in ./config_production.php
No syntax errors detected in ./add_team.php
No syntax errors detected in ./css_debug.php
No syntax errors detected in ./fix_players_table.php
No syntax errors detected in ./migrate_data.php
No syntax errors detected in ./team_details.php
No syntax errors detected in ./event_edit.php
No syntax errors detected in ./database_mock.php
No syntax errors detected in ./players.php
No syntax errors detected in ./test_system_consistency.php
No syntax errors detected in ./crawl_site.php
No syntax errors detected in ./setup_database_colors.php
No syntax errors detected in ./delete_team.php
No syntax errors detected in ./edit_team.php
No syntax errors detected in ./logout.php
No syntax errors detected in ./remove_coach_from_team.php
No syntax errors detected in ./includes/functions.php
No syntax errors detected in ./includes/models.php
No syntax errors detected in ./includes/auth.php
No syntax errors detected in ./includes/barcode_generator.php
No syntax errors detected in ./includes/color_system.php
No syntax errors detected in ./includes/config_production.php
No syntax errors detected in ./includes/database_mock.php
No syntax errors detected in ./includes/config.php
No syntax errors detected in ./includes/layout_end.php
No syntax errors detected in ./includes/header.php
No syntax errors detected in ./includes/get_dynamic_css.php
No syntax errors detected in ./includes/css_helper.php
No syntax errors detected in ./includes/age_groups.php
No syntax errors detected in ./includes/layout_start.php
No syntax errors detected in ./includes/auth_mysql.php
No syntax errors detected in ./includes/sidebar.php
No syntax errors detected in ./includes/db_logger.php
No syntax errors detected in ./attendance.php
No syntax errors detected in ./events.php
No syntax errors detected in ./restore_sample_data.php
No syntax errors detected in ./google_calendar_helper.php
No syntax errors detected in ./wp-config-clean.php
No syntax errors detected in ./player_card_print.php
No syntax errors detected in ./config.php
No syntax errors detected in ./event_details.php
No syntax errors detected in ./fix_players_table_rebuild.php
No syntax errors detected in ./team_edit.php
No syntax errors detected in ./add_sample_coaches.php
No syntax errors detected in ./migrate_events_table.php
No syntax errors detected in ./fix_events_table.php
No syntax errors detected in ./assign_teams.php
No syntax errors detected in ./setup_mysql_wordpress.php
No syntax errors detected in ./coaches.php
No syntax errors detected in ./add_sample_events.php
No syntax errors detected in ./attendance_backup.php
No syntax errors detected in ./import_players_from_spreadsheet.php
No syntax errors detected in ./player_profile.php
No syntax errors detected in ./seed_events.php
No syntax errors detected in ./fix_attendance_table.php
No syntax errors detected in ./header.php
No syntax errors detected in ./save_event_attendance.php
No syntax errors detected in ./setup_mysql_xampp.php
No syntax errors detected in ./create_club_settings.php
No syntax errors detected in ./wp-config-production.php
No syntax errors detected in ./scripts/verify_colors.php
No syntax errors detected in ./scripts/reset_events.php
No syntax errors detected in ./scripts/migrate_colors.php
No syntax errors detected in ./cleanup_sample_data.php
No syntax errors detected in ./calendar.php
No syntax errors detected in ./calendar_simple.php
No syntax errors detected in ./api/events.php
No syntax errors detected in ./database_config_production.php
No syntax errors detected in ./reset_players_demo.php
No syntax errors detected in ./color_test.php
No syntax errors detected in ./index_new.php
No syntax errors detected in ./setup_xampp_simple.php
No syntax errors detected in ./recreate_player_ids.php
No syntax errors detected in ./load_team_coaches.php
No syntax errors detected in ./seed_dummy_profile_data.php
No syntax errors detected in ./assign_coach_to_team.php
No syntax errors detected in ./check_database_contents.php
No syntax errors detected in ./database_config.php
No syntax errors detected in ./fix_database_columns.php
No syntax errors detected in ./edit_player.php
No syntax errors detected in ./syntax-check.php
No syntax errors detected in ./check_player_columns.php
No syntax errors detected in ./auth_mysql.php
No syntax errors detected in ./test_css_fix.php
No syntax errors detected in ./edit_coach.php
No syntax errors detected in ./check_production_schema.php
No syntax errors detected in ./add_event.php
No syntax errors detected in ./assign_jerseys.php
No syntax errors detected in ./delete_player.php
No syntax errors detected in ./update_colors_all_pages.php
No syntax errors detected in ./sidebar.php
No syntax errors detected in ./migrate_enhanced_profiles.php
No syntax errors detected in ./color_system_status.php
No syntax errors detected in ./event_calendar.php
No syntax errors detected in ./teams.php
No syntax errors detected in ./minimal_index_test.php
No syntax errors detected in ./path_test.php
No syntax errors detected in ./test_dashboard_colors.php
No syntax errors detected in ./add_sample_attendance.php
